ERC report (2026-03-30T08:30:48, Encoding UTF8)
Report includes: Errors, Warnings

***** Sheet /
[footprint_link_issues]: The current configuration does not include the footprint library 'Diode_SMD'
    ; warning
    @(30.48 mm, 10.16 mm): Symbol D2 [D_Schottky]
[lib_symbol_issues]: The current configuration does not include the symbol library 'Device'
    ; warning
    @(30.48 mm, 10.16 mm): Symbol D2 [D_Schottky]
[footprint_link_issues]: The current configuration does not include the footprint library 'Diode_SMD'
    ; warning
    @(30.48 mm, 20.32 mm): Symbol D1 [D_Schottky]
[lib_symbol_issues]: The current configuration does not include the symbol library 'Device'
    ; warning
    @(30.48 mm, 20.32 mm): Symbol D1 [D_Schottky]
[footprint_link_issues]: The current configuration does not include the footprint library 'Capacitor_SMD'
    ; warning
    @(38.10 mm, 22.86 mm): Symbol C3 [C]
[lib_symbol_issues]: The current configuration does not include the symbol library 'Device'
    ; warning
    @(38.10 mm, 22.86 mm): Symbol C3 [C]
[lib_symbol_issues]: The current configuration does not include the symbol library 'power'
    ; warning
    @(38.10 mm, 27.94 mm): Symbol #FLG3 [PWR_FLAG]
[footprint_link_issues]: The current configuration does not include the footprint library 'Package_TO_SOT_SMD'
    ; warning
    @(45.72 mm, 30.48 mm): Symbol U2 [MCP1700-3302E_TT]
[lib_symbol_issues]: The current configuration does not include the symbol library 'Regulator_Linear'
    ; warning
    @(45.72 mm, 30.48 mm): Symbol U2 [MCP1700-3302E_TT]
[footprint_link_issues]: The current configuration does not include the footprint library 'Capacitor_SMD'
    ; warning
    @(55.88 mm, 22.86 mm): Symbol C4 [C]
[lib_symbol_issues]: The current configuration does not include the symbol library 'Device'
    ; warning
    @(55.88 mm, 22.86 mm): Symbol C4 [C]
[lib_symbol_issues]: The current configuration does not include the symbol library 'power'
    ; warning
    @(0.00 mm, 60.96 mm): Symbol #FLG2 [PWR_FLAG]
[footprint_link_issues]: The current configuration does not include the footprint library 'Capacitor_SMD'
    ; warning
    @(60.96 mm, 22.86 mm): Symbol C5 [C]
[lib_symbol_issues]: The current configuration does not include the symbol library 'Device'
    ; warning
    @(60.96 mm, 22.86 mm): Symbol C5 [C]
[footprint_link_issues]: The current configuration does not include the footprint library 'Connector_USB'
    ; warning
    @(10.16 mm, 66.04 mm): Symbol J4 [USB_C_Receptacle_USB2.0]
[lib_symbol_issues]: The current configuration does not include the symbol library 'Connector_USB'
    ; warning
    @(10.16 mm, 66.04 mm): Symbol J4 [USB_C_Receptacle_USB2.0]
[footprint_link_issues]: The current configuration does not include the footprint library 'Package_TO_SOT_SMD'
    ; warning
    @(45.72 mm, 66.04 mm): Symbol U3 [USBLC6-2SC6]
[lib_symbol_issues]: The current configuration does not include the symbol library 'Power_Protection'
    ; warning
    @(45.72 mm, 66.04 mm): Symbol U3 [USBLC6-2SC6]
[footprint_link_issues]: The current configuration does not include the footprint library 'Resistor_SMD'
    ; warning
    @(15.24 mm, 81.28 mm): Symbol R13 [R]
[lib_symbol_issues]: The current configuration does not include the symbol library 'Device'
    ; warning
    @(15.24 mm, 81.28 mm): Symbol R13 [R]
[footprint_link_issues]: The current configuration does not include the footprint library 'Resistor_SMD'
    ; warning
    @(25.40 mm, 81.28 mm): Symbol R14 [R]
[lib_symbol_issues]: The current configuration does not include the symbol library 'Device'
    ; warning
    @(25.40 mm, 81.28 mm): Symbol R14 [R]
[footprint_link_issues]: The current configuration does not include the footprint library 'Resistor_SMD'
    ; warning
    @(76.20 mm, 45.72 mm): Symbol R6 [R]
[lib_symbol_issues]: The current configuration does not include the symbol library 'Device'
    ; warning
    @(76.20 mm, 45.72 mm): Symbol R6 [R]
[footprint_link_issues]: The current configuration does not include the footprint library 'Resistor_SMD'
    ; warning
    @(66.04 mm, 63.50 mm): Symbol R1 [R]
[lib_symbol_issues]: The current configuration does not include the symbol library 'Device'
    ; warning
    @(66.04 mm, 63.50 mm): Symbol R1 [R]
[footprint_link_issues]: The current configuration does not include the footprint library 'Resistor_SMD'
    ; warning
    @(66.04 mm, 68.58 mm): Symbol R2 [R]
[lib_symbol_issues]: The current configuration does not include the symbol library 'Device'
    ; warning
    @(66.04 mm, 68.58 mm): Symbol R2 [R]
[footprint_link_issues]: The current configuration does not include the footprint library 'Resistor_SMD'
    ; warning
    @(86.36 mm, 45.72 mm): Symbol R3 [R]
[lib_symbol_issues]: The current configuration does not include the symbol library 'Device'
    ; warning
    @(86.36 mm, 45.72 mm): Symbol R3 [R]
[lib_symbol_issues]: The current configuration does not include the symbol library 'power'
    ; warning
    @(86.36 mm, 45.72 mm): Symbol #FLG1 [PWR_FLAG]
[footprint_link_issues]: The current configuration does not include the footprint library 'Capacitor_SMD'
    ; warning
    @(91.44 mm, 43.18 mm): Symbol C6 [C]
[lib_symbol_issues]: The current configuration does not include the symbol library 'Device'
    ; warning
    @(91.44 mm, 43.18 mm): Symbol C6 [C]
[footprint_link_issues]: The current configuration does not include the footprint library 'Button_Switch_SMD'
    ; warning
    @(76.20 mm, 81.28 mm): Symbol SW2 [SW_Push]
[lib_symbol_issues]: The current configuration does not include the symbol library 'Switch'
    ; warning
    @(76.20 mm, 81.28 mm): Symbol SW2 [SW_Push]
[footprint_link_issues]: The current configuration does not include the footprint library 'Capacitor_SMD'
    ; warning
    @(81.28 mm, 81.28 mm): Symbol C1 [C]
[lib_symbol_issues]: The current configuration does not include the symbol library 'Device'
    ; warning
    @(81.28 mm, 81.28 mm): Symbol C1 [C]
[footprint_link_issues]: The current configuration does not include the footprint library 'RF_Module'
    ; warning
    @(101.60 mm, 60.96 mm): Symbol U1 [ESP32-C3-MINI-1]
[lib_symbol_issues]: The current configuration does not include the symbol library 'sonde'
    ; warning
    @(101.60 mm, 60.96 mm): Symbol U1 [ESP32-C3-MINI-1]
[footprint_link_issues]: The current configuration does not include the footprint library 'Resistor_SMD'
    ; warning
    @(121.92 mm, 45.72 mm): Symbol R4 [R]
[lib_symbol_issues]: The current configuration does not include the symbol library 'Device'
    ; warning
    @(121.92 mm, 45.72 mm): Symbol R4 [R]
[footprint_link_issues]: The current configuration does not include the footprint library 'Resistor_SMD'
    ; warning
    @(134.62 mm, 45.72 mm): Symbol R5 [R]
[lib_symbol_issues]: The current configuration does not include the symbol library 'Device'
    ; warning
    @(134.62 mm, 45.72 mm): Symbol R5 [R]
[footprint_link_issues]: The current configuration does not include the footprint library 'Resistor_SMD'
    ; warning
    @(154.94 mm, 30.48 mm): Symbol R10 [R]
[lib_symbol_issues]: The current configuration does not include the symbol library 'Device'
    ; warning
    @(154.94 mm, 30.48 mm): Symbol R10 [R]
[footprint_link_issues]: The current configuration does not include the footprint library 'Button_Switch_SMD'
    ; warning
    @(139.70 mm, 76.20 mm): Symbol SW1 [SW_Push]
[lib_symbol_issues]: The current configuration does not include the symbol library 'Switch'
    ; warning
    @(139.70 mm, 76.20 mm): Symbol SW1 [SW_Push]
[footprint_link_issues]: The current configuration does not include the footprint library 'Resistor_SMD'
    ; warning
    @(160.02 mm, 25.40 mm): Symbol R9 [R]
[lib_symbol_issues]: The current configuration does not include the symbol library 'Device'
    ; warning
    @(160.02 mm, 25.40 mm): Symbol R9 [R]
[footprint_link_issues]: The current configuration does not include the footprint library 'Package_TO_SOT_SMD'
    ; warning
    @(170.18 mm, 30.48 mm): Symbol Q1 [Q_PMOS_GSD]
[lib_symbol_issues]: The current configuration does not include the symbol library 'Device'
    ; warning
    @(170.18 mm, 30.48 mm): Symbol Q1 [Q_PMOS_GSD]
[footprint_link_issues]: The current configuration does not include the footprint library 'Connector_JST'
    ; warning
    @(170.18 mm, 60.96 mm): Symbol J3 [Conn_01x02]
[lib_symbol_issues]: The current configuration does not include the symbol library 'Connector_Generic'
    ; warning
    @(170.18 mm, 60.96 mm): Symbol J3 [Conn_01x02]
[footprint_link_issues]: The current configuration does not include the footprint library 'Jumper'
    ; warning
    @(180.34 mm, 30.48 mm): Symbol JP1 [SolderJumper_2_Open]
[lib_symbol_issues]: The current configuration does not include the symbol library 'Jumper'
    ; warning
    @(180.34 mm, 30.48 mm): Symbol JP1 [SolderJumper_2_Open]
[footprint_link_issues]: The current configuration does not include the footprint library 'Connector_JST'
    ; warning
    @(170.18 mm, 91.44 mm): Symbol J1 [Qwiic_Connector]
[lib_symbol_issues]: The current configuration does not include the symbol library 'sonde'
    ; warning
    @(170.18 mm, 91.44 mm): Symbol J1 [Qwiic_Connector]
[footprint_link_issues]: The current configuration does not include the footprint library 'Resistor_SMD'
    ; warning
    @(185.42 mm, 60.96 mm): Symbol R11 [R]
[lib_symbol_issues]: The current configuration does not include the symbol library 'Device'
    ; warning
    @(185.42 mm, 60.96 mm): Symbol R11 [R]
[footprint_link_issues]: The current configuration does not include the footprint library 'Resistor_SMD'
    ; warning
    @(185.42 mm, 68.58 mm): Symbol R12 [R]
[lib_symbol_issues]: The current configuration does not include the symbol library 'Device'
    ; warning
    @(185.42 mm, 68.58 mm): Symbol R12 [R]
[footprint_link_issues]: The current configuration does not include the footprint library 'Resistor_SMD'
    ; warning
    @(185.42 mm, 81.28 mm): Symbol R7 [R]
[lib_symbol_issues]: The current configuration does not include the symbol library 'Device'
    ; warning
    @(185.42 mm, 81.28 mm): Symbol R7 [R]
[footprint_link_issues]: The current configuration does not include the footprint library 'Capacitor_SMD'
    ; warning
    @(193.04 mm, 66.04 mm): Symbol C2 [C]
[lib_symbol_issues]: The current configuration does not include the symbol library 'Device'
    ; warning
    @(193.04 mm, 66.04 mm): Symbol C2 [C]
[footprint_link_issues]: The current configuration does not include the footprint library 'Connector_JST'
    ; warning
    @(170.18 mm, 121.92 mm): Symbol J2 [Qwiic_Connector]
[lib_symbol_issues]: The current configuration does not include the symbol library 'sonde'
    ; warning
    @(170.18 mm, 121.92 mm): Symbol J2 [Qwiic_Connector]
[footprint_link_issues]: The current configuration does not include the footprint library 'Resistor_SMD'
    ; warning
    @(195.58 mm, 81.28 mm): Symbol R8 [R]
[lib_symbol_issues]: The current configuration does not include the symbol library 'Device'
    ; warning
    @(195.58 mm, 81.28 mm): Symbol R8 [R]
[footprint_link_issues]: The current configuration does not include the footprint library 'Connector_PinHeader_2.54mm'
    ; warning
    @(170.18 mm, 149.86 mm): Symbol J6 [Conn_02x05_Odd_Even]
[lib_symbol_issues]: The current configuration does not include the symbol library 'Connector_Generic'
    ; warning
    @(170.18 mm, 149.86 mm): Symbol J6 [Conn_02x05_Odd_Even]

 ** ERC messages: 71  Errors 0  Warnings 71

 ** Ignored checks:
    - Global label only appears once in the schematic
    - Four connection points are joined together
    - SPICE model issue
    - Assigned footprint doesn't match footprint filters
